Archive member included to satisfy reference by file (symbol)

/usr/bin/../lib/gcc/arm-none-eabi/7.3.1/thumb/v7-m/libgcc.a(_arm_addsubsf3.o)
                              build/vddcheck.o (__aeabi_fsub)
/usr/bin/../lib/gcc/arm-none-eabi/7.3.1/thumb/v7-m/libgcc.a(_arm_muldivsf3.o)
                              build/vddcheck.o (__aeabi_fdiv)
/usr/bin/../lib/gcc/arm-none-eabi/7.3.1/thumb/v7-m/libgcc.a(_arm_fixunssfsi.o)
                              build/vddcheck.o (__aeabi_f2uiz)
/usr/bin/../lib/gcc/arm-none-eabi/7.3.1/thumb/v7-m/libgcc.a(_aeabi_uldivmod.o)
                              build/em_usart.o (__aeabi_uldivmod)
/usr/bin/../lib/gcc/arm-none-eabi/7.3.1/thumb/v7-m/libgcc.a(_udivmoddi4.o)
                              /usr/bin/../lib/gcc/arm-none-eabi/7.3.1/thumb/v7-m/libgcc.a(_aeabi_uldivmod.o) (__udivmoddi4)
/usr/bin/../lib/gcc/arm-none-eabi/7.3.1/thumb/v7-m/libgcc.a(_dvmd_tls.o)
                              /usr/bin/../lib/gcc/arm-none-eabi/7.3.1/thumb/v7-m/libgcc.a(_aeabi_uldivmod.o) (__aeabi_ldiv0)
/usr/bin/../lib/gcc/arm-none-eabi/7.3.1/../../../../arm-none-eabi/lib/thumb/v7-m/libc_nano.a(lib_a-exit.o)
                              /usr/bin/../lib/gcc/arm-none-eabi/7.3.1/../../../../arm-none-eabi/lib/thumb/v7-m/crt0.o (exit)
/usr/bin/../lib/gcc/arm-none-eabi/7.3.1/../../../../arm-none-eabi/lib/thumb/v7-m/libc_nano.a(lib_a-impure.o)
                              /usr/bin/../lib/gcc/arm-none-eabi/7.3.1/../../../../arm-none-eabi/lib/thumb/v7-m/libc_nano.a(lib_a-exit.o) (_global_impure_ptr)
/usr/bin/../lib/gcc/arm-none-eabi/7.3.1/../../../../arm-none-eabi/lib/thumb/v7-m/libc_nano.a(lib_a-init.o)
                              /usr/bin/../lib/gcc/arm-none-eabi/7.3.1/../../../../arm-none-eabi/lib/thumb/v7-m/crt0.o (__libc_init_array)
/usr/bin/../lib/gcc/arm-none-eabi/7.3.1/../../../../arm-none-eabi/lib/thumb/v7-m/libc_nano.a(lib_a-memcpy-stub.o)
                              build/bsp_stk.o (memcpy)
/usr/bin/../lib/gcc/arm-none-eabi/7.3.1/../../../../arm-none-eabi/lib/thumb/v7-m/libc_nano.a(lib_a-memset.o)
                              /usr/bin/../lib/gcc/arm-none-eabi/7.3.1/../../../../arm-none-eabi/lib/thumb/v7-m/crt0.o (memset)
/usr/bin/../lib/gcc/arm-none-eabi/7.3.1/../../../../arm-none-eabi/lib/thumb/v7-m/libc_nano.a(lib_a-strlen.o)
                              build/segmentlcd.o (strlen)
/usr/bin/../lib/gcc/arm-none-eabi/7.3.1/../../../../arm-none-eabi/lib/thumb/v7-m/libnosys.a(_exit.o)
                              /usr/bin/../lib/gcc/arm-none-eabi/7.3.1/../../../../arm-none-eabi/lib/thumb/v7-m/libc_nano.a(lib_a-exit.o) (_exit)

Allocating common symbols
Common symbol       size              file

SystemCoreClock     0x4               build/system_efm32gg.o

Discarded input sections

 .text          0x0000000000000000        0x0 /usr/bin/../lib/gcc/arm-none-eabi/7.3.1/thumb/v7-m/crti.o
 .data          0x0000000000000000        0x0 /usr/bin/../lib/gcc/arm-none-eabi/7.3.1/thumb/v7-m/crti.o
 .bss           0x0000000000000000        0x0 /usr/bin/../lib/gcc/arm-none-eabi/7.3.1/thumb/v7-m/crti.o
 .data          0x0000000000000000        0x4 /usr/bin/../lib/gcc/arm-none-eabi/7.3.1/thumb/v7-m/crtbegin.o
 .data          0x0000000000000000        0x0 /usr/bin/../lib/gcc/arm-none-eabi/7.3.1/../../../../arm-none-eabi/lib/thumb/v7-m/crt0.o
 .bss           0x0000000000000000        0x0 /usr/bin/../lib/gcc/arm-none-eabi/7.3.1/../../../../arm-none-eabi/lib/thumb/v7-m/crt0.o
 .ARM.extab     0x0000000000000000        0x0 /usr/bin/../lib/gcc/arm-none-eabi/7.3.1/../../../../arm-none-eabi/lib/thumb/v7-m/crt0.o
 .text          0x0000000000000000        0x0 build/system_efm32gg.o
 .data          0x0000000000000000        0x0 build/system_efm32gg.o
 .bss           0x0000000000000000        0x0 build/system_efm32gg.o
 .text.SystemMaxCoreClockGet
                0x0000000000000000        0xc build/system_efm32gg.o
 .text.SystemHFXOClockGet
                0x0000000000000000        0xc build/system_efm32gg.o
 .text.SystemHFXOClockSet
                0x0000000000000000       0x2c build/system_efm32gg.o
 .text.SystemLFXOClockSet
                0x0000000000000000       0x2c build/system_efm32gg.o
 .text          0x0000000000000000        0x0 build/vddcheck.o
 .data          0x0000000000000000        0x0 build/vddcheck.o
 .bss           0x0000000000000000        0x0 build/vddcheck.o
 .text.VCMP_Disable
                0x0000000000000000       0x14 build/vddcheck.o
 .text.VCMP_VoltageToLevel
                0x0000000000000000       0x34 build/vddcheck.o
 .text.VCMP_VDDHigher
                0x0000000000000000       0x18 build/vddcheck.o
 .text.VCMP_Ready
                0x0000000000000000       0x18 build/vddcheck.o
 .text.VDDCHECK_Init
                0x0000000000000000       0x20 build/vddcheck.o
 .text.VDDCHECK_Disable
                0x0000000000000000       0x18 build/vddcheck.o
 .rodata        0x0000000000000000       0x1c build/vddcheck.o
 .text.VDDCHECK_LowVoltage
                0x0000000000000000       0x68 build/vddcheck.o
 .comment       0x0000000000000000       0x7f build/vddcheck.o
 .ARM.attributes
                0x0000000000000000       0x33 build/vddcheck.o
 .text          0x0000000000000000        0x0 build/segmentlcd.o
 .data          0x0000000000000000        0x0 build/segmentlcd.o
 .bss           0x0000000000000000        0x0 build/segmentlcd.o
 .text.LCD_Enable
                0x0000000000000000       0x34 build/segmentlcd.o
 .text.LCD_FreezeEnable
                0x0000000000000000       0x28 build/segmentlcd.o
 .text.LCD_SyncBusyDelay
                0x0000000000000000       0x1c build/segmentlcd.o
 .text.LCD_IntDisable
                0x0000000000000000       0x1c build/segmentlcd.o
 .rodata.EFM_Display
                0x0000000000000000      0x1fe build/segmentlcd.o
 .rodata.EFM_Alphabet
                0x0000000000000000       0xb8 build/segmentlcd.o
 .rodata.EFM_Numbers
                0x0000000000000000       0x22 build/segmentlcd.o
 .rodata.Blocks
                0x0000000000000000        0x8 build/segmentlcd.o
 .rodata.signIndex
                0x0000000000000000        0x2 build/segmentlcd.o
 .rodata.lcdInit
                0x0000000000000000       0x14 build/segmentlcd.o
 .text.SegmentLCD_AllOff
                0x0000000000000000       0xac build/segmentlcd.o
 .text.SegmentLCD_AllOn
                0x0000000000000000       0xcc build/segmentlcd.o
 .text.SegmentLCD_AlphaNumberOff
                0x0000000000000000       0xa8 build/segmentlcd.o
 .text.SegmentLCD_ARing
                0x0000000000000000       0x50 build/segmentlcd.o
 .text.SegmentLCD_Battery
                0x0000000000000000       0x74 build/segmentlcd.o
 .text.SegmentLCD_Block
                0x0000000000000000       0x30 build/segmentlcd.o
 .text.SegmentLCD_Disable
                0x0000000000000000       0x28 build/segmentlcd.o
 .text.SegmentLCD_EnergyMode
                0x0000000000000000       0x50 build/segmentlcd.o
 .text.SegmentLCD_Init
                0x0000000000000000       0xbc build/segmentlcd.o
 .text.SegmentLCD_LowerHex
                0x0000000000000000       0x8e build/segmentlcd.o
 .rodata        0x0000000000000000        0x8 build/segmentlcd.o
 .text.SegmentLCD_LowerNumber
                0x0000000000000000       0xbc build/segmentlcd.o
 .text.SegmentLCD_Number
                0x0000000000000000      0x130 build/segmentlcd.o
 .text.SegmentLCD_NumberOff
                0x0000000000000000       0x4c build/segmentlcd.o
 .text.SegmentLCD_Symbol
                0x0000000000000000      0x138 build/segmentlcd.o
 .text.SegmentLCD_UnsignedHex
                0x0000000000000000       0xd4 build/segmentlcd.o
 .text.SegmentLCD_Write
                0x0000000000000000       0xd8 build/segmentlcd.o
 .text.displayBlock
                0x0000000000000000      0x118 build/segmentlcd.o
 .comment       0x0000000000000000       0x7f build/segmentlcd.o
 .ARM.attributes
                0x0000000000000000       0x33 build/segmentlcd.o
 .text          0x0000000000000000        0x0 build/em_assert.o
 .data          0x0000000000000000        0x0 build/em_assert.o
 .bss           0x0000000000000000        0x0 build/em_assert.o
 .text          0x0000000000000000        0x0 build/em_cmu.o
 .data          0x0000000000000000        0x0 build/em_cmu.o
 .bss           0x0000000000000000        0x0 build/em_cmu.o
 .text.BUS_RegMaskedWrite
                0x0000000000000000       0x20 build/em_cmu.o
 .text.CMU_Log2ToDiv
                0x0000000000000000       0x12 build/em_cmu.o
 .text.flashWaitStateControl
                0x0000000000000000       0xbc build/em_cmu.o
 .text.flashWaitStateMax
                0x0000000000000000       0x12 build/em_cmu.o
 .text.CMU_AUXHFRCOBandGet
                0x0000000000000000       0x14 build/em_cmu.o
 .text.CMU_AUXHFRCOBandSet
                0x0000000000000000       0xb8 build/em_cmu.o
 .text.CMU_Calibrate
                0x0000000000000000       0xac build/em_cmu.o
 .text.CMU_CalibrateConfig
                0x0000000000000000      0x104 build/em_cmu.o
 .text.CMU_CalibrateCountGet
                0x0000000000000000       0x34 build/em_cmu.o
 .text.CMU_ClockDivGet
                0x0000000000000000      0x190 build/em_cmu.o
 .text.CMU_ClockDivSet
                0x0000000000000000      0x2c8 build/em_cmu.o
 .text.CMU_ClockSelectSet
                0x0000000000000000      0x308 build/em_cmu.o
 .text.CMU_FreezeEnable
                0x0000000000000000       0x34 build/em_cmu.o
 .text.CMU_HFRCOBandGet
                0x0000000000000000       0x14 build/em_cmu.o
 .text.CMU_HFRCOBandSet
                0x0000000000000000       0xf4 build/em_cmu.o
 .text.CMU_HFRCOStartupDelayGet
                0x0000000000000000       0x14 build/em_cmu.o
 .text.CMU_HFRCOStartupDelaySet
                0x0000000000000000       0x40 build/em_cmu.o
 .text.CMU_HFXOInit
                0x0000000000000000       0x68 build/em_cmu.o
 .text.CMU_LCDClkFDIVGet
                0x0000000000000000       0x10 build/em_cmu.o
 .text.CMU_LCDClkFDIVSet
                0x0000000000000000       0x4c build/em_cmu.o
 .text.CMU_LFXOInit
                0x0000000000000000       0xa0 build/em_cmu.o
 .text.CMU_OscillatorEnable
                0x0000000000000000       0xd4 build/em_cmu.o
 .text.CMU_OscillatorTuningGet
                0x0000000000000000       0x5c build/em_cmu.o
 .text.CMU_OscillatorTuningSet
                0x0000000000000000       0xb4 build/em_cmu.o
 .text.CMU_PCNTClockExternalGet
                0x0000000000000000       0x54 build/em_cmu.o
 .text.CMU_PCNTClockExternalSet
                0x0000000000000000       0x4c build/em_cmu.o
 .text          0x0000000000000000        0x0 build/em_emu.o
 .data          0x0000000000000000        0x0 build/em_emu.o
 .bss           0x0000000000000000        0x0 build/em_emu.o
 .text.SystemCoreClockUpdate
                0x0000000000000000        0xa build/em_emu.o
 .text.BUS_RegBitWrite
                0x0000000000000000       0x24 build/em_emu.o
 .text.EMU_BUPinEnable
                0x0000000000000000       0x24 build/em_emu.o
 .text.EMU_Unlock
                0x0000000000000000       0x10 build/em_emu.o
 .text.CMU_Lock
                0x0000000000000000       0x10 build/em_emu.o
 .text.CMU_Unlock
                0x0000000000000000       0x14 build/em_emu.o
 .bss.cmuStatus
                0x0000000000000000        0x4 build/em_emu.o
 .text.emuRestore
                0x0000000000000000       0xf0 build/em_emu.o
 .text.getErrataFixEmuE107En
                0x0000000000000000       0x6c build/em_emu.o
 .text.EMU_EnterEM2
                0x0000000000000000       0xa4 build/em_emu.o
 .text.EMU_EnterEM3
                0x0000000000000000       0xc8 build/em_emu.o
 .text.EMU_EnterEM4
                0x0000000000000000       0x50 build/em_emu.o
 .rodata        0x0000000000000000       0x1d build/em_emu.o
 .text.EMU_MemPwrDown
                0x0000000000000000       0x2c build/em_emu.o
 .text.EMU_UpdateOscConfig
                0x0000000000000000       0x14 build/em_emu.o
 .text.EMU_EM23Init
                0x0000000000000000       0x2c build/em_emu.o
 .text.EMU_EM4Init
                0x0000000000000000       0x48 build/em_emu.o
 .text.EMU_BUPDInit
                0x0000000000000000       0xd4 build/em_emu.o
 .text.EMU_BUThresholdSet
                0x0000000000000000       0x70 build/em_emu.o
 .text.EMU_BUThresRangeSet
                0x0000000000000000       0x74 build/em_emu.o
 .comment       0x0000000000000000       0x7f build/em_emu.o
 .ARM.attributes
                0x0000000000000000       0x33 build/em_emu.o
 .text          0x0000000000000000        0x0 build/em_gpio.o
 .data          0x0000000000000000        0x0 build/em_gpio.o
 .bss           0x0000000000000000        0x0 build/em_gpio.o
 .text.BUS_RegBitWrite
                0x0000000000000000       0x24 build/em_gpio.o
 .text.BUS_RegMaskedWrite
                0x0000000000000000       0x20 build/em_gpio.o
 .text.GPIO_EM4SetPinRetention
                0x0000000000000000       0x3c build/em_gpio.o
 .text.GPIO_DbgLocationSet
                0x0000000000000000       0x3c build/em_gpio.o
 .text.GPIO_DriveModeSet
                0x0000000000000000       0x90 build/em_gpio.o
 .text.GPIO_ExtIntConfig
                0x0000000000000000      0x124 build/em_gpio.o
 .text.GPIO_PinModeGet
                0x0000000000000000       0xe0 build/em_gpio.o
 .text.GPIO_EM4EnablePinWakeup
                0x0000000000000000       0x84 build/em_gpio.o
 .text          0x0000000000000000        0x0 build/em_rtc.o
 .data          0x0000000000000000        0x0 build/em_rtc.o
 .bss           0x0000000000000000        0x0 build/em_rtc.o
 .text.BUS_RegBitWrite
                0x0000000000000000       0x24 build/em_rtc.o
 .rodata        0x0000000000000000       0x1d build/em_rtc.o
 .text.RTC_CompareGet
                0x0000000000000000       0x48 build/em_rtc.o
 .text.RTC_CompareSet
                0x0000000000000000       0x50 build/em_rtc.o
 .text.RTC_Enable
                0x0000000000000000       0x24 build/em_rtc.o
 .text.RTC_FreezeEnable
                0x0000000000000000       0x28 build/em_rtc.o
 .text.RTC_Init
                0x0000000000000000       0x48 build/em_rtc.o
 .text.RTC_Reset
                0x0000000000000000       0x2c build/em_rtc.o
 .text.RTC_CounterReset
                0x0000000000000000       0x12 build/em_rtc.o
 .comment       0x0000000000000000       0x7f build/em_rtc.o
 .ARM.attributes
                0x0000000000000000       0x33 build/em_rtc.o
 .text          0x0000000000000000        0x0 build/em_system.o
 .data          0x0000000000000000        0x0 build/em_system.o
 .bss           0x0000000000000000        0x0 build/em_system.o
 .text.SYSTEM_GetCalibrationValue
                0x0000000000000000       0x50 build/em_system.o
 .text          0x0000000000000000        0x0 build/em_lcd.o
 .data          0x0000000000000000        0x0 build/em_lcd.o
 .bss           0x0000000000000000        0x0 build/em_lcd.o
 .text.LCD_Enable
                0x0000000000000000       0x34 build/em_lcd.o
 .text.LCD_AnimEnable
                0x0000000000000000       0x34 build/em_lcd.o
 .text.LCD_FrameCountEnable
                0x0000000000000000       0x34 build/em_lcd.o
 .text.BUS_RegBitWrite
                0x0000000000000000       0x24 build/em_lcd.o
 .rodata        0x0000000000000000       0x1d build/em_lcd.o
 .text.LCD_Init
                0x0000000000000000       0x88 build/em_lcd.o
 .text.LCD_VLCDSelect
                0x0000000000000000       0x3c build/em_lcd.o
 .text.LCD_UpdateCtrl
                0x0000000000000000       0x24 build/em_lcd.o
 .text.LCD_FrameCountInit
                0x0000000000000000       0x68 build/em_lcd.o
 .text.LCD_AnimInit
                0x0000000000000000       0x9c build/em_lcd.o
 .text.LCD_SegmentRangeEnable
                0x0000000000000000       0x44 build/em_lcd.o
 .text.LCD_SegmentSet
                0x0000000000000000      0x214 build/em_lcd.o
 .text.LCD_SegmentSetLow
                0x0000000000000000      0x194 build/em_lcd.o
 .text.LCD_SegmentSetHigh
                0x0000000000000000      0x18c build/em_lcd.o
 .text.LCD_ContrastSet
                0x0000000000000000       0x3c build/em_lcd.o
 .text.LCD_VBoostSet
                0x0000000000000000       0x20 build/em_lcd.o
 .text.LCD_BiasSegmentSet
                0x0000000000000000      0x11c build/em_lcd.o
 .text.LCD_BiasComSet
                0x0000000000000000       0x54 build/em_lcd.o
 .comment       0x0000000000000000       0x7f build/em_lcd.o
 .ARM.attributes
                0x0000000000000000       0x33 build/em_lcd.o
 .text          0x0000000000000000        0x0 build/em_vcmp.o
 .data          0x0000000000000000        0x0 build/em_vcmp.o
 .bss           0x0000000000000000        0x0 build/em_vcmp.o
 .text.VCMP_Ready
                0x0000000000000000       0x18 build/em_vcmp.o
 .text.VCMP_IntClear
                0x0000000000000000       0x12 build/em_vcmp.o
 .rodata        0x0000000000000000       0x1e build/em_vcmp.o
 .text.VCMP_Init
                0x0000000000000000      0x1bc build/em_vcmp.o
 .text.VCMP_LowPowerRefSet
                0x0000000000000000       0x38 build/em_vcmp.o
 .text.VCMP_TriggerSet
                0x0000000000000000       0x3c build/em_vcmp.o
 .comment       0x0000000000000000       0x7f build/em_vcmp.o
 .ARM.attributes
                0x0000000000000000       0x33 build/em_vcmp.o
 .text          0x0000000000000000        0x0 build/em_usart.o
 .data          0x0000000000000000        0x0 build/em_usart.o
 .bss           0x0000000000000000        0x0 build/em_usart.o
 .text.BUS_RegMaskedWrite
                0x0000000000000000       0x20 build/em_usart.o
 .rodata        0x0000000000000000       0x1f build/em_usart.o
 .text.USART_BaudrateAsyncSet
                0x0000000000000000      0x134 build/em_usart.o
 .text.USART_BaudrateCalc
                0x0000000000000000      0x134 build/em_usart.o
 .text.USART_BaudrateGet
                0x0000000000000000       0x58 build/em_usart.o
 .text.USART_BaudrateSyncSet
                0x0000000000000000       0xa0 build/em_usart.o
 .text.USART_Enable
                0x0000000000000000       0x80 build/em_usart.o
 .text.USART_InitAsync
                0x0000000000000000       0xc0 build/em_usart.o
 .text.USART_InitSync
                0x0000000000000000       0xd8 build/em_usart.o
 .text.USARTn_InitIrDA
                0x0000000000000000       0x88 build/em_usart.o
 .text.USART_InitI2s
                0x0000000000000000       0xa8 build/em_usart.o
 .text.USART_InitPrsTrigger
                0x0000000000000000       0x58 build/em_usart.o
 .text.USART_Reset
                0x0000000000000000       0xb8 build/em_usart.o
 .text.USART_Rx
                0x0000000000000000       0x1e build/em_usart.o
 .text.USART_RxDouble
                0x0000000000000000       0x1e build/em_usart.o
 .text.USART_RxDoubleExt
                0x0000000000000000       0x1c build/em_usart.o
 .text.USART_RxExt
                0x0000000000000000       0x1e build/em_usart.o
 .text.USART_SpiTransfer
                0x0000000000000000       0x3a build/em_usart.o
 .text.USART_Tx
                0x0000000000000000       0x26 build/em_usart.o
 .text.USART_TxDouble
                0x0000000000000000       0x26 build/em_usart.o
 .text.USART_TxDoubleExt
                0x0000000000000000       0x20 build/em_usart.o
 .text.USART_TxExt
                0x0000000000000000       0x26 build/em_usart.o
 .comment       0x0000000000000000       0x7f build/em_usart.o
 .ARM.attributes
                0x0000000000000000       0x33 build/em_usart.o
 .text          0x0000000000000000        0x0 build/bsp_stk.o
 .data          0x0000000000000000        0x0 build/bsp_stk.o
 .bss           0x0000000000000000        0x0 build/bsp_stk.o
 .text.BSP_Disable
                0x0000000000000000       0x10 build/bsp_stk.o
 .rodata        0x0000000000000000       0x50 build/bsp_stk.o
 .text.BSP_EbiInit
                0x0000000000000000      0x118 build/bsp_stk.o
 .text.BSP_EbiDeInit
                0x0000000000000000        0x6 build/bsp_stk.o
 .text.BSP_Init
                0x0000000000000000       0x1e build/bsp_stk.o
 .text.BSP_CurrentGet
                0x0000000000000000       0x42 build/bsp_stk.o
 .text.BSP_VoltageGet
                0x0000000000000000       0x42 build/bsp_stk.o
 .comment       0x0000000000000000       0x7f build/bsp_stk.o
 .ARM.attributes
                0x0000000000000000       0x33 build/bsp_stk.o
 .text          0x0000000000000000        0x0 build/bsp_stk_leds.o
 .data          0x0000000000000000        0x0 build/bsp_stk_leds.o
 .bss           0x0000000000000000        0x0 build/bsp_stk_leds.o
 .text.BUS_RegBitRead
                0x0000000000000000       0x20 build/bsp_stk_leds.o
 .rodata        0x0000000000000000       0x1e build/bsp_stk_leds.o
 .text.GPIO_PinOutClear
                0x0000000000000000       0xa8 build/bsp_stk_leds.o
 .text.GPIO_PinOutGet
                0x0000000000000000       0xa4 build/bsp_stk_leds.o
 .text.GPIO_PinOutSet
                0x0000000000000000       0xa8 build/bsp_stk_leds.o
 .text.GPIO_PinOutToggle
                0x0000000000000000       0xa8 build/bsp_stk_leds.o
 .rodata.ledArray
                0x0000000000000000       0x10 build/bsp_stk_leds.o
 .text.BSP_LedsInit
                0x0000000000000000       0x58 build/bsp_stk_leds.o
 .text.BSP_LedsGet
                0x0000000000000000       0x58 build/bsp_stk_leds.o
 .text.BSP_LedsSet
                0x0000000000000000       0x6c build/bsp_stk_leds.o
 .text.BSP_LedClear
                0x0000000000000000       0x40 build/bsp_stk_leds.o
 .text.BSP_LedGet
                0x0000000000000000       0x44 build/bsp_stk_leds.o
 .text.BSP_LedSet
                0x0000000000000000       0x40 build/bsp_stk_leds.o
 .text.BSP_LedToggle
                0x0000000000000000       0x40 build/bsp_stk_leds.o
 .comment       0x0000000000000000       0x7f build/bsp_stk_leds.o
 .ARM.attributes
                0x0000000000000000       0x33 build/bsp_stk_leds.o
 .text          0x0000000000000000        0x0 build/bsp_trace.o
 .data          0x0000000000000000        0x0 build/bsp_trace.o
 .bss           0x0000000000000000        0x0 build/bsp_trace.o
 .text.BSP_TraceSwoSetup
                0x0000000000000000      0x114 build/bsp_trace.o
 .text.BSP_TraceProfilerSetup
                0x0000000000000000       0x24 build/bsp_trace.o
 .comment       0x0000000000000000       0x7f build/bsp_trace.o
 .ARM.attributes
                0x0000000000000000       0x33 build/bsp_trace.o
 .text          0x0000000000000000        0x0 build/init.o
 .data          0x0000000000000000        0x0 build/init.o
 .bss           0x0000000000000000        0x0 build/init.o
 .data          0x0000000000000000        0x0 build/startup_efm32gg.o
 .bss           0x0000000000000000        0x0 build/startup_efm32gg.o
 .data          0x0000000000000000        0x0 build/o1.o
 .bss           0x0000000000000000        0x0 build/o1.o
 .text          0x0000000000000000        0x0 build/gpio_constants.o
 .data          0x0000000000000000        0x0 build/gpio_constants.o
 .bss           0x0000000000000000        0x0 build/gpio_constants.o
 .ARM.attributes
                0x0000000000000000       0x21 build/gpio_constants.o
 .text          0x0000000000000000        0x0 build/sys-tick_constants.o
 .data          0x0000000000000000        0x0 build/sys-tick_constants.o
 .bss           0x0000000000000000        0x0 build/sys-tick_constants.o
 .ARM.attributes
                0x0000000000000000       0x21 build/sys-tick_constants.o
 .text          0x0000000000000000      0x21c /usr/bin/../lib/gcc/arm-none-eabi/7.3.1/thumb/v7-m/libgcc.a(_arm_addsubsf3.o)
 .data          0x0000000000000000        0x0 /usr/bin/../lib/gcc/arm-none-eabi/7.3.1/thumb/v7-m/libgcc.a(_arm_addsubsf3.o)
 .bss           0x0000000000000000        0x0 /usr/bin/../lib/gcc/arm-none-eabi/7.3.1/thumb/v7-m/libgcc.a(_arm_addsubsf3.o)
 .debug_frame   0x0000000000000000       0x4c /usr/bin/../lib/gcc/arm-none-eabi/7.3.1/thumb/v7-m/libgcc.a(_arm_addsubsf3.o)
 .ARM.attributes
                0x0000000000000000       0x1d /usr/bin/../lib/gcc/arm-none-eabi/7.3.1/thumb/v7-m/libgcc.a(_arm_addsubsf3.o)
 .text          0x0000000000000000      0x2a0 /usr/bin/../lib/gcc/arm-none-eabi/7.3.1/thumb/v7-m/libgcc.a(_arm_muldivsf3.o)
 .data          0x0000000000000000        0x0 /usr/bin/../lib/gcc/arm-none-eabi/7.3.1/thumb/v7-m/libgcc.a(_arm_muldivsf3.o)
 .bss           0x0000000000000000        0x0 /usr/bin/../lib/gcc/arm-none-eabi/7.3.1/thumb/v7-m/libgcc.a(_arm_muldivsf3.o)
 .debug_frame   0x0000000000000000       0x38 /usr/bin/../lib/gcc/arm-none-eabi/7.3.1/thumb/v7-m/libgcc.a(_arm_muldivsf3.o)
 .ARM.attributes
                0x0000000000000000       0x1d /usr/bin/../lib/gcc/arm-none-eabi/7.3.1/thumb/v7-m/libgcc.a(_arm_muldivsf3.o)
 .text          0x0000000000000000       0x40 /usr/bin/../lib/gcc/arm-none-eabi/7.3.1/thumb/v7-m/libgcc.a(_arm_fixunssfsi.o)
 .data          0x0000000000000000        0x0 /usr/bin/../lib/gcc/arm-none-eabi/7.3.1/thumb/v7-m/libgcc.a(_arm_fixunssfsi.o)
 .bss           0x0000000000000000        0x0 /usr/bin/../lib/gcc/arm-none-eabi/7.3.1/thumb/v7-m/libgcc.a(_arm_fixunssfsi.o)
 .debug_frame   0x0000000000000000       0x24 /usr/bin/../lib/gcc/arm-none-eabi/7.3.1/thumb/v7-m/libgcc.a(_arm_fixunssfsi.o)
 .ARM.attributes
                0x0000000000000000       0x1d /usr/bin/../lib/gcc/arm-none-eabi/7.3.1/thumb/v7-m/libgcc.a(_arm_fixunssfsi.o)
 .text          0x0000000000000000       0x30 /usr/bin/../lib/gcc/arm-none-eabi/7.3.1/thumb/v7-m/libgcc.a(_aeabi_uldivmod.o)
 .data          0x0000000000000000        0x0 /usr/bin/../lib/gcc/arm-none-eabi/7.3.1/thumb/v7-m/libgcc.a(_aeabi_uldivmod.o)
 .bss           0x0000000000000000        0x0 /usr/bin/../lib/gcc/arm-none-eabi/7.3.1/thumb/v7-m/libgcc.a(_aeabi_uldivmod.o)
 .debug_frame   0x0000000000000000       0x2c /usr/bin/../lib/gcc/arm-none-eabi/7.3.1/thumb/v7-m/libgcc.a(_aeabi_uldivmod.o)
 .ARM.attributes
                0x0000000000000000       0x1d /usr/bin/../lib/gcc/arm-none-eabi/7.3.1/thumb/v7-m/libgcc.a(_aeabi_uldivmod.o)
 .text          0x0000000000000000      0x2d0 /usr/bin/../lib/gcc/arm-none-eabi/7.3.1/thumb/v7-m/libgcc.a(_udivmoddi4.o)
 .data          0x0000000000000000        0x0 /usr/bin/../lib/gcc/arm-none-eabi/7.3.1/thumb/v7-m/libgcc.a(_udivmoddi4.o)
 .bss           0x0000000000000000        0x0 /usr/bin/../lib/gcc/arm-none-eabi/7.3.1/thumb/v7-m/libgcc.a(_udivmoddi4.o)
 .ARM.extab     0x0000000000000000        0x0 /usr/bin/../lib/gcc/arm-none-eabi/7.3.1/thumb/v7-m/libgcc.a(_udivmoddi4.o)
 .ARM.exidx     0x0000000000000000        0x8 /usr/bin/../lib/gcc/arm-none-eabi/7.3.1/thumb/v7-m/libgcc.a(_udivmoddi4.o)
 .debug_frame   0x0000000000000000       0x34 /usr/bin/../lib/gcc/arm-none-eabi/7.3.1/thumb/v7-m/libgcc.a(_udivmoddi4.o)
 .ARM.attributes
                0x0000000000000000       0x2d /usr/bin/../lib/gcc/arm-none-eabi/7.3.1/thumb/v7-m/libgcc.a(_udivmoddi4.o)
 .text          0x0000000000000000        0x4 /usr/bin/../lib/gcc/arm-none-eabi/7.3.1/thumb/v7-m/libgcc.a(_dvmd_tls.o)
 .data          0x0000000000000000        0x0 /usr/bin/../lib/gcc/arm-none-eabi/7.3.1/thumb/v7-m/libgcc.a(_dvmd_tls.o)
 .bss           0x0000000000000000        0x0 /usr/bin/../lib/gcc/arm-none-eabi/7.3.1/thumb/v7-m/libgcc.a(_dvmd_tls.o)
 .ARM.attributes
                0x0000000000000000       0x1d /usr/bin/../lib/gcc/arm-none-eabi/7.3.1/thumb/v7-m/libgcc.a(_dvmd_tls.o)
 .text          0x0000000000000000        0x0 /usr/bin/../lib/gcc/arm-none-eabi/7.3.1/../../../../arm-none-eabi/lib/thumb/v7-m/libc_nano.a(lib_a-exit.o)
 .data          0x0000000000000000        0x0 /usr/bin/../lib/gcc/arm-none-eabi/7.3.1/../../../../arm-none-eabi/lib/thumb/v7-m/libc_nano.a(lib_a-exit.o)
 .bss           0x0000000000000000        0x0 /usr/bin/../lib/gcc/arm-none-eabi/7.3.1/../../../../arm-none-eabi/lib/thumb/v7-m/libc_nano.a(lib_a-exit.o)
 .text          0x0000000000000000        0x0 /usr/bin/../lib/gcc/arm-none-eabi/7.3.1/../../../../arm-none-eabi/lib/thumb/v7-m/libc_nano.a(lib_a-impure.o)
 .data          0x0000000000000000        0x0 /usr/bin/../lib/gcc/arm-none-eabi/7.3.1/../../../../arm-none-eabi/lib/thumb/v7-m/libc_nano.a(lib_a-impure.o)
 .bss           0x0000000000000000        0x0 /usr/bin/../lib/gcc/arm-none-eabi/7.3.1/../../../../arm-none-eabi/lib/thumb/v7-m/libc_nano.a(lib_a-impure.o)
 .data._impure_ptr
                0x0000000000000000        0x4 /usr/bin/../lib/gcc/arm-none-eabi/7.3.1/../../../../arm-none-eabi/lib/thumb/v7-m/libc_nano.a(lib_a-impure.o)
 .text          0x0000000000000000        0x0 /usr/bin/../lib/gcc/arm-none-eabi/7.3.1/../../../../arm-none-eabi/lib/thumb/v7-m/libc_nano.a(lib_a-init.o)
 .data          0x0000000000000000        0x0 /usr/bin/../lib/gcc/arm-none-eabi/7.3.1/../../../../arm-none-eabi/lib/thumb/v7-m/libc_nano.a(lib_a-init.o)
 .bss           0x0000000000000000        0x0 /usr/bin/../lib/gcc/arm-none-eabi/7.3.1/../../../../arm-none-eabi/lib/thumb/v7-m/libc_nano.a(lib_a-init.o)
 .text          0x0000000000000000        0x0 /usr/bin/../lib/gcc/arm-none-eabi/7.3.1/../../../../arm-none-eabi/lib/thumb/v7-m/libc_nano.a(lib_a-memcpy-stub.o)
 .data          0x0000000000000000        0x0 /usr/bin/../lib/gcc/arm-none-eabi/7.3.1/../../../../arm-none-eabi/lib/thumb/v7-m/libc_nano.a(lib_a-memcpy-stub.o)
 .bss           0x0000000000000000        0x0 /usr/bin/../lib/gcc/arm-none-eabi/7.3.1/../../../../arm-none-eabi/lib/thumb/v7-m/libc_nano.a(lib_a-memcpy-stub.o)
 .text.memcpy   0x0000000000000000       0x16 /usr/bin/../lib/gcc/arm-none-eabi/7.3.1/../../../../arm-none-eabi/lib/thumb/v7-m/libc_nano.a(lib_a-memcpy-stub.o)
 .debug_frame   0x0000000000000000       0x28 /usr/bin/../lib/gcc/arm-none-eabi/7.3.1/../../../../arm-none-eabi/lib/thumb/v7-m/libc_nano.a(lib_a-memcpy-stub.o)
 .ARM.attributes
                0x0000000000000000       0x2d /usr/bin/../lib/gcc/arm-none-eabi/7.3.1/../../../../arm-none-eabi/lib/thumb/v7-m/libc_nano.a(lib_a-memcpy-stub.o)
 .text          0x0000000000000000        0x0 /usr/bin/../lib/gcc/arm-none-eabi/7.3.1/../../../../arm-none-eabi/lib/thumb/v7-m/libc_nano.a(lib_a-memset.o)
 .data          0x0000000000000000        0x0 /usr/bin/../lib/gcc/arm-none-eabi/7.3.1/../../../../arm-none-eabi/lib/thumb/v7-m/libc_nano.a(lib_a-memset.o)
 .bss           0x0000000000000000        0x0 /usr/bin/../lib/gcc/arm-none-eabi/7.3.1/../../../../arm-none-eabi/lib/thumb/v7-m/libc_nano.a(lib_a-memset.o)
 .text          0x0000000000000000       0x10 /usr/bin/../lib/gcc/arm-none-eabi/7.3.1/../../../../arm-none-eabi/lib/thumb/v7-m/libc_nano.a(lib_a-strlen.o)
 .data          0x0000000000000000        0x0 /usr/bin/../lib/gcc/arm-none-eabi/7.3.1/../../../../arm-none-eabi/lib/thumb/v7-m/libc_nano.a(lib_a-strlen.o)
 .bss           0x0000000000000000        0x0 /usr/bin/../lib/gcc/arm-none-eabi/7.3.1/../../../../arm-none-eabi/lib/thumb/v7-m/libc_nano.a(lib_a-strlen.o)
 .ARM.attributes
                0x0000000000000000       0x17 /usr/bin/../lib/gcc/arm-none-eabi/7.3.1/../../../../arm-none-eabi/lib/thumb/v7-m/libc_nano.a(lib_a-strlen.o)
 .text          0x0000000000000000        0x0 /usr/bin/../lib/gcc/arm-none-eabi/7.3.1/../../../../arm-none-eabi/lib/thumb/v7-m/libnosys.a(_exit.o)
 .data          0x0000000000000000        0x0 /usr/bin/../lib/gcc/arm-none-eabi/7.3.1/../../../../arm-none-eabi/lib/thumb/v7-m/libnosys.a(_exit.o)
 .bss           0x0000000000000000        0x0 /usr/bin/../lib/gcc/arm-none-eabi/7.3.1/../../../../arm-none-eabi/lib/thumb/v7-m/libnosys.a(_exit.o)
 .text          0x0000000000000000        0x0 /usr/bin/../lib/gcc/arm-none-eabi/7.3.1/thumb/v7-m/crtend.o
 .data          0x0000000000000000        0x0 /usr/bin/../lib/gcc/arm-none-eabi/7.3.1/thumb/v7-m/crtend.o
 .bss           0x0000000000000000        0x0 /usr/bin/../lib/gcc/arm-none-eabi/7.3.1/thumb/v7-m/crtend.o
 .text          0x0000000000000000        0x0 /usr/bin/../lib/gcc/arm-none-eabi/7.3.1/thumb/v7-m/crtn.o
 .data          0x0000000000000000        0x0 /usr/bin/../lib/gcc/arm-none-eabi/7.3.1/thumb/v7-m/crtn.o
 .bss           0x0000000000000000        0x0 /usr/bin/../lib/gcc/arm-none-eabi/7.3.1/thumb/v7-m/crtn.o

Memory Configuration

Name             Origin             Length             Attributes
FLASH            0x0000000000000000 0x0000000000100000 xr
RAM              0x0000000020000000 0x0000000000020000 xrw
*default*        0x0000000000000000 0xffffffffffffffff

Linker script and memory map

LOAD /usr/bin/../lib/gcc/arm-none-eabi/7.3.1/thumb/v7-m/crti.o
LOAD /usr/bin/../lib/gcc/arm-none-eabi/7.3.1/thumb/v7-m/crtbegin.o
LOAD /usr/bin/../lib/gcc/arm-none-eabi/7.3.1/../../../../arm-none-eabi/lib/thumb/v7-m/crt0.o
LOAD build/system_efm32gg.o
LOAD build/vddcheck.o
LOAD build/segmentlcd.o
LOAD build/em_assert.o
LOAD build/em_cmu.o
LOAD build/em_emu.o
LOAD build/em_gpio.o
LOAD build/em_rtc.o
LOAD build/em_system.o
LOAD build/em_lcd.o
LOAD build/em_vcmp.o
LOAD build/em_usart.o
LOAD build/bsp_stk.o
LOAD build/bsp_stk_leds.o
LOAD build/bsp_trace.o
LOAD build/init.o
LOAD build/startup_efm32gg.o
LOAD build/o1.o
LOAD build/gpio_constants.o
LOAD build/sys-tick_constants.o
START GROUP
LOAD /usr/bin/../lib/gcc/arm-none-eabi/7.3.1/thumb/v7-m/libgcc.a
LOAD /usr/bin/../lib/gcc/arm-none-eabi/7.3.1/../../../../arm-none-eabi/lib/thumb/v7-m/libc_nano.a
LOAD /usr/bin/../lib/gcc/arm-none-eabi/7.3.1/../../../../arm-none-eabi/lib/thumb/v7-m/libnosys.a
END GROUP
START GROUP
LOAD /usr/bin/../lib/gcc/arm-none-eabi/7.3.1/thumb/v7-m/libgcc.a
LOAD /usr/bin/../lib/gcc/arm-none-eabi/7.3.1/../../../../arm-none-eabi/lib/thumb/v7-m/libc_nano.a
END GROUP
START GROUP
LOAD /usr/bin/../lib/gcc/arm-none-eabi/7.3.1/thumb/v7-m/libgcc.a
LOAD /usr/bin/../lib/gcc/arm-none-eabi/7.3.1/../../../../arm-none-eabi/lib/thumb/v7-m/libc_nano.a
END GROUP
LOAD /usr/bin/../lib/gcc/arm-none-eabi/7.3.1/thumb/v7-m/crtend.o
LOAD /usr/bin/../lib/gcc/arm-none-eabi/7.3.1/thumb/v7-m/crtn.o

.text           0x0000000000000000     0x10fc
 *(.vectors)
 .vectors       0x0000000000000000       0xdc build/startup_efm32gg.o
                0x0000000000000000                __Vectors
                0x00000000000000dc                __Vectors_End = .
                0x00000000000000dc                __Vectors_Size = (__Vectors_End - __Vectors)
                0x00000000000000dc                __end__ = .
 *(.text*)
 .text          0x00000000000000dc       0x40 /usr/bin/../lib/gcc/arm-none-eabi/7.3.1/thumb/v7-m/crtbegin.o
 .text          0x000000000000011c       0x74 /usr/bin/../lib/gcc/arm-none-eabi/7.3.1/../../../../arm-none-eabi/lib/thumb/v7-m/crt0.o
                0x000000000000011c                _mainCRTStartup
                0x000000000000011c                _start
 .text.GetProdRev
                0x0000000000000190       0x10 build/system_efm32gg.o
 .text.SystemCoreClockGet
                0x00000000000001a0       0x34 build/system_efm32gg.o
                0x00000000000001a0                SystemCoreClockGet
 .text.SystemHFClockGet
                0x00000000000001d4      0x100 build/system_efm32gg.o
                0x00000000000001d4                SystemHFClockGet
 .text.SystemInit
                0x00000000000002d4        0x4 build/system_efm32gg.o
                0x00000000000002d4                SystemInit
 .text.SystemLFRCOClockGet
                0x00000000000002d8        0x8 build/system_efm32gg.o
                0x00000000000002d8                SystemLFRCOClockGet
 .text.SystemULFRCOClockGet
                0x00000000000002e0        0x8 build/system_efm32gg.o
                0x00000000000002e0                SystemULFRCOClockGet
 .text.SystemLFXOClockGet
                0x00000000000002e8        0xc build/system_efm32gg.o
                0x00000000000002e8                SystemLFXOClockGet
 .text.assertEFM
                0x00000000000002f4        0x8 build/em_assert.o
                0x00000000000002f4                assertEFM
 .text.BUS_RegBitWrite
                0x00000000000002fc       0x24 build/em_cmu.o
 .text.BUS_RegBitRead
                0x0000000000000320       0x20 build/em_cmu.o
 .text.CMU_DivToLog2
                0x0000000000000340       0x38 build/em_cmu.o
 .text.SYSTEM_GetProdRev
                0x0000000000000378       0x10 build/em_cmu.o
 .text.SYSTEM_GetFamily
                0x0000000000000388       0x10 build/em_cmu.o
 .text.maxFreqHfle
                0x0000000000000398       0x90 build/em_cmu.o
 .text.setHfLeConfig
                0x0000000000000428       0x3c build/em_cmu.o
 .text.getHfLeConfig
                0x0000000000000464       0x40 build/em_cmu.o
 .text.auxClkGet
                0x00000000000004a4       0xbc build/em_cmu.o
 .text.dbgClkGet
                0x0000000000000560       0x50 build/em_cmu.o
 .text.lfClkGet
                0x00000000000005b0      0x10c build/em_cmu.o
 .text.syncReg  0x00000000000006bc       0x2c build/em_cmu.o
 .text.usbCClkGet
                0x00000000000006e8       0x4c build/em_cmu.o
 .text.CMU_ClockEnable
                0x0000000000000734       0xe4 build/em_cmu.o
                0x0000000000000734                CMU_ClockEnable
 .text.CMU_ClockFreqGet
                0x0000000000000818      0x1e0 build/em_cmu.o
                0x0000000000000818                CMU_ClockFreqGet
 .text.CMU_ClockSelectGet
                0x00000000000009f8      0x190 build/em_cmu.o
                0x00000000000009f8                CMU_ClockSelectGet
 .text.GPIO_PinOutClear
                0x0000000000000b88       0xa8 build/em_gpio.o
 .text.GPIO_PinOutSet
                0x0000000000000c30       0xa8 build/em_gpio.o
 .text.GPIO_PinModeSet
                0x0000000000000cd8      0x180 build/em_gpio.o
                0x0000000000000cd8                GPIO_PinModeSet
 .text.SYSTEM_ChipRevisionGet
                0x0000000000000e58       0x90 build/em_system.o
                0x0000000000000e58                SYSTEM_ChipRevisionGet
 .text.CHIP_Init
                0x0000000000000ee8       0x44 build/init.o
 .text.main     0x0000000000000f2c       0x34 build/init.o
                0x0000000000000f2c                main
 .text          0x0000000000000f60       0x30 build/startup_efm32gg.o
                0x0000000000000f60                Reset_Handler
                0x0000000000000f8c                TIMER2_IRQHandler
                0x0000000000000f8c                DebugMon_Handler
                0x0000000000000f8c                USART0_TX_IRQHandler
                0x0000000000000f8c                I2C0_IRQHandler
                0x0000000000000f8c                HardFault_Handler
                0x0000000000000f8c                LEUART1_IRQHandler
                0x0000000000000f8c                SysTick_Handler
                0x0000000000000f8c                USART1_RX_IRQHandler
                0x0000000000000f8c                PendSV_Handler
                0x0000000000000f8c                NMI_Handler
                0x0000000000000f8c                I2C1_IRQHandler
                0x0000000000000f8c                TIMER3_IRQHandler
                0x0000000000000f8c                USART1_TX_IRQHandler
                0x0000000000000f8c                MSC_IRQHandler
                0x0000000000000f8c                ADC0_IRQHandler
                0x0000000000000f8c                UsageFault_Handler
                0x0000000000000f8c                LEUART0_IRQHandler
                0x0000000000000f8c                GPIO_EVEN_IRQHandler
                0x0000000000000f8c                UART0_TX_IRQHandler
                0x0000000000000f8c                UART1_TX_IRQHandler
                0x0000000000000f8c                RTC_IRQHandler
                0x0000000000000f8c                TIMER0_IRQHandler
                0x0000000000000f8c                LCD_IRQHandler
                0x0000000000000f8c                PCNT2_IRQHandler
                0x0000000000000f8c                UART0_RX_IRQHandler
                0x0000000000000f8c                LETIMER0_IRQHandler
                0x0000000000000f8c                TIMER1_IRQHandler
                0x0000000000000f8c                USART2_RX_IRQHandler
                0x0000000000000f8c                Default_Handler
                0x0000000000000f8c                EMU_IRQHandler
                0x0000000000000f8c                PCNT0_IRQHandler
                0x0000000000000f8c                USB_IRQHandler
                0x0000000000000f8c                BURTC_IRQHandler
                0x0000000000000f8c                PCNT1_IRQHandler
                0x0000000000000f8c                ACMP0_IRQHandler
                0x0000000000000f8c                USART0_RX_IRQHandler
                0x0000000000000f8c                MemManage_Handler
                0x0000000000000f8c                SVC_Handler
                0x0000000000000f8c                DAC0_IRQHandler
                0x0000000000000f8c                UART1_RX_IRQHandler
                0x0000000000000f8c                CMU_IRQHandler
                0x0000000000000f8c                EBI_IRQHandler
                0x0000000000000f8c                LESENSE_IRQHandler
                0x0000000000000f8c                GPIO_ODD_IRQHandler
                0x0000000000000f8c                AES_IRQHandler
                0x0000000000000f8c                VCMP_IRQHandler
                0x0000000000000f8c                DMA_IRQHandler
                0x0000000000000f8c                BusFault_Handler
                0x0000000000000f8c                USART2_TX_IRQHandler
 .text          0x0000000000000f90       0x28 build/o1.o
                0x0000000000000f90                Start
 .text.exit     0x0000000000000fb8       0x28 /usr/bin/../lib/gcc/arm-none-eabi/7.3.1/../../../../arm-none-eabi/lib/thumb/v7-m/libc_nano.a(lib_a-exit.o)
                0x0000000000000fb8                exit
 .text.__libc_init_array
                0x0000000000000fe0       0x48 /usr/bin/../lib/gcc/arm-none-eabi/7.3.1/../../../../arm-none-eabi/lib/thumb/v7-m/libc_nano.a(lib_a-init.o)
                0x0000000000000fe0                __libc_init_array
 .text.memset   0x0000000000001028       0x10 /usr/bin/../lib/gcc/arm-none-eabi/7.3.1/../../../../arm-none-eabi/lib/thumb/v7-m/libc_nano.a(lib_a-memset.o)
                0x0000000000001028                memset
 .text._exit    0x0000000000001038        0x4 /usr/bin/../lib/gcc/arm-none-eabi/7.3.1/../../../../arm-none-eabi/lib/thumb/v7-m/libnosys.a(_exit.o)
                0x0000000000001038                _exit
 *(.init)
 .init          0x000000000000103c        0x4 /usr/bin/../lib/gcc/arm-none-eabi/7.3.1/thumb/v7-m/crti.o
                0x000000000000103c                _init
 .init          0x0000000000001040        0x8 /usr/bin/../lib/gcc/arm-none-eabi/7.3.1/thumb/v7-m/crtn.o
 *(.fini)
 .fini          0x0000000000001048        0x4 /usr/bin/../lib/gcc/arm-none-eabi/7.3.1/thumb/v7-m/crti.o
                0x0000000000001048                _fini
 .fini          0x000000000000104c        0x8 /usr/bin/../lib/gcc/arm-none-eabi/7.3.1/thumb/v7-m/crtn.o
 *crtbegin.o(.ctors)
 *crtbegin?.o(.ctors)
 *(EXCLUDE_FILE(*crtend.o *crtend?.o) .ctors)
 *(SORT_BY_NAME(.ctors.*))
 *(.ctors)
 *crtbegin.o(.dtors)
 *crtbegin?.o(.dtors)
 *(EXCLUDE_FILE(*crtend.o *crtend?.o) .dtors)
 *(SORT_BY_NAME(.dtors.*))
 *(.dtors)
 *(.rodata*)
 .rodata        0x0000000000001054       0x3d build/em_cmu.o
 *fill*         0x0000000000001091        0x3 
 .rodata        0x0000000000001094       0x3e build/em_gpio.o
 *fill*         0x00000000000010d2        0x2 
 .rodata        0x00000000000010d4       0x20 build/em_system.o
 .rodata._global_impure_ptr
                0x00000000000010f4        0x4 /usr/bin/../lib/gcc/arm-none-eabi/7.3.1/../../../../arm-none-eabi/lib/thumb/v7-m/libc_nano.a(lib_a-impure.o)
                0x00000000000010f4                _global_impure_ptr
 *(.eh_frame*)
 .eh_frame      0x00000000000010f8        0x0 /usr/bin/../lib/gcc/arm-none-eabi/7.3.1/thumb/v7-m/crtbegin.o
 .eh_frame      0x00000000000010f8        0x4 /usr/bin/../lib/gcc/arm-none-eabi/7.3.1/thumb/v7-m/crtend.o

.glue_7         0x00000000000010fc        0x0
 .glue_7        0x00000000000010fc        0x0 linker stubs

.glue_7t        0x00000000000010fc        0x0
 .glue_7t       0x00000000000010fc        0x0 linker stubs

.vfp11_veneer   0x00000000000010fc        0x0
 .vfp11_veneer  0x00000000000010fc        0x0 linker stubs

.v4_bx          0x00000000000010fc        0x0
 .v4_bx         0x00000000000010fc        0x0 linker stubs

.iplt           0x00000000000010fc        0x0
 .iplt          0x00000000000010fc        0x0 /usr/bin/../lib/gcc/arm-none-eabi/7.3.1/thumb/v7-m/crtbegin.o

.ARM.extab
 *(.ARM.extab* .gnu.linkonce.armextab.*)
                0x00000000000010fc                __exidx_start = .

.ARM.exidx      0x00000000000010fc        0x8
 *(.ARM.exidx* .gnu.linkonce.armexidx.*)
 .ARM.exidx     0x00000000000010fc        0x8 /usr/bin/../lib/gcc/arm-none-eabi/7.3.1/../../../../arm-none-eabi/lib/thumb/v7-m/crt0.o
                0x0000000000001104                __exidx_end = .
                0x0000000000001104                __etext = .

.rel.dyn        0x0000000000001104        0x0
 .rel.iplt      0x0000000000001104        0x0 /usr/bin/../lib/gcc/arm-none-eabi/7.3.1/thumb/v7-m/crtbegin.o

.data           0x0000000020000000       0x70 load address 0x0000000000001104
                0x0000000020000000                __data_start__ = .
 *(vtable)
 *(.data*)
 .data.SystemHFXOClock
                0x0000000020000000        0x4 build/system_efm32gg.o
 .data.SystemLFXOClock
                0x0000000020000004        0x4 build/system_efm32gg.o
 .data.impure_data
                0x0000000020000008       0x60 /usr/bin/../lib/gcc/arm-none-eabi/7.3.1/../../../../arm-none-eabi/lib/thumb/v7-m/libc_nano.a(lib_a-impure.o)
                0x0000000020000068                . = ALIGN (0x4)
 *(.ram)
                0x0000000020000068                . = ALIGN (0x4)
                0x0000000020000068                PROVIDE (__preinit_array_start = .)
 *(.preinit_array)
                0x0000000020000068                PROVIDE (__preinit_array_end = .)
                0x0000000020000068                . = ALIGN (0x4)
                0x0000000020000068                PROVIDE (__init_array_start = .)
 *(SORT_BY_NAME(.init_array.*))
 *(.init_array)
 .init_array    0x0000000020000068        0x4 /usr/bin/../lib/gcc/arm-none-eabi/7.3.1/thumb/v7-m/crtbegin.o
                0x000000002000006c                PROVIDE (__init_array_end = .)
                0x000000002000006c                . = ALIGN (0x4)
                [!provide]                        PROVIDE (__fini_array_start = .)
 *(SORT_BY_NAME(.fini_array.*))
 *(.fini_array)
 .fini_array    0x000000002000006c        0x4 /usr/bin/../lib/gcc/arm-none-eabi/7.3.1/thumb/v7-m/crtbegin.o
                [!provide]                        PROVIDE (__fini_array_end = .)
 *(.jcr*)
                0x0000000020000070                . = ALIGN (0x4)
                0x0000000020000070                __data_end__ = .

.igot.plt       0x0000000020000070        0x0 load address 0x0000000000001174
 .igot.plt      0x0000000020000070        0x0 /usr/bin/../lib/gcc/arm-none-eabi/7.3.1/thumb/v7-m/crtbegin.o

.bss            0x0000000020000070       0x20 load address 0x0000000000001174
                0x0000000020000070                . = ALIGN (0x4)
                0x0000000020000070                __bss_start__ = .
 *(.bss*)
 .bss           0x0000000020000070       0x1c /usr/bin/../lib/gcc/arm-none-eabi/7.3.1/thumb/v7-m/crtbegin.o
 *(COMMON)
 COMMON         0x000000002000008c        0x4 build/system_efm32gg.o
                0x000000002000008c                SystemCoreClock
                0x0000000020000090                . = ALIGN (0x4)
                0x0000000020000090                __bss_end__ = .

.heap           0x0000000020000090      0xc00
                0x0000000020000090                __HeapBase = .
                0x0000000020000090                __end__ = .
                0x0000000020000090                end = __end__
                0x0000000020000090                _end = __end__
 *(.heap*)
 .heap          0x0000000020000090      0xc00 build/startup_efm32gg.o
                0x0000000020000c90                __HeapLimit = .

.stack_dummy    0x0000000020000090      0x400
 *(.stack*)
 .stack         0x0000000020000090      0x400 build/startup_efm32gg.o
                0x0000000020020000                __StackTop = (ORIGIN (RAM) + LENGTH (RAM))
                0x000000002001fc00                __StackLimit = (__StackTop - SIZEOF (.stack_dummy))
                0x0000000020020000                PROVIDE (__stack = __StackTop)
                0x0000000000000001                ASSERT ((__StackLimit >= __HeapLimit), region RAM overflowed with stack)
                0x0000000000000001                ASSERT ((LENGTH (FLASH) >= (__etext + SIZEOF (.data))), FLASH memory overflowed !)
OUTPUT(exe/o1.out elf32-littlearm)

.ARM.attributes
                0x0000000000000000       0x29
 .ARM.attributes
                0x0000000000000000       0x1d /usr/bin/../lib/gcc/arm-none-eabi/7.3.1/thumb/v7-m/crti.o
 .ARM.attributes
                0x000000000000001d       0x2d /usr/bin/../lib/gcc/arm-none-eabi/7.3.1/thumb/v7-m/crtbegin.o
 .ARM.attributes
                0x000000000000004a       0x1b /usr/bin/../lib/gcc/arm-none-eabi/7.3.1/../../../../arm-none-eabi/lib/thumb/v7-m/crt0.o
 .ARM.attributes
                0x0000000000000065       0x33 build/system_efm32gg.o
 .ARM.attributes
                0x0000000000000098       0x33 build/em_assert.o
 .ARM.attributes
                0x00000000000000cb       0x33 build/em_cmu.o
 .ARM.attributes
                0x00000000000000fe       0x33 build/em_gpio.o
 .ARM.attributes
                0x0000000000000131       0x33 build/em_system.o
 .ARM.attributes
                0x0000000000000164       0x33 build/init.o
 .ARM.attributes
                0x0000000000000197       0x1b build/startup_efm32gg.o
 .ARM.attributes
                0x00000000000001b2       0x21 build/o1.o
 .ARM.attributes
                0x00000000000001d3       0x2d /usr/bin/../lib/gcc/arm-none-eabi/7.3.1/../../../../arm-none-eabi/lib/thumb/v7-m/libc_nano.a(lib_a-exit.o)
 .ARM.attributes
                0x0000000000000200       0x2d /usr/bin/../lib/gcc/arm-none-eabi/7.3.1/../../../../arm-none-eabi/lib/thumb/v7-m/libc_nano.a(lib_a-impure.o)
 .ARM.attributes
                0x000000000000022d       0x2d /usr/bin/../lib/gcc/arm-none-eabi/7.3.1/../../../../arm-none-eabi/lib/thumb/v7-m/libc_nano.a(lib_a-init.o)
 .ARM.attributes
                0x000000000000025a       0x2d /usr/bin/../lib/gcc/arm-none-eabi/7.3.1/../../../../arm-none-eabi/lib/thumb/v7-m/libc_nano.a(lib_a-memset.o)
 .ARM.attributes
                0x0000000000000287       0x2d /usr/bin/../lib/gcc/arm-none-eabi/7.3.1/../../../../arm-none-eabi/lib/thumb/v7-m/libnosys.a(_exit.o)
 .ARM.attributes
                0x00000000000002b4       0x2d /usr/bin/../lib/gcc/arm-none-eabi/7.3.1/thumb/v7-m/crtend.o
 .ARM.attributes
                0x00000000000002e1       0x1d /usr/bin/../lib/gcc/arm-none-eabi/7.3.1/thumb/v7-m/crtn.o

.comment        0x0000000000000000       0x7e
 .comment       0x0000000000000000       0x7e build/system_efm32gg.o
                                         0x7f (size before relaxing)
 .comment       0x000000000000007e       0x7f build/em_assert.o
 .comment       0x000000000000007e       0x7f build/em_cmu.o
 .comment       0x000000000000007e       0x7f build/em_gpio.o
 .comment       0x000000000000007e       0x7f build/em_system.o
 .comment       0x000000000000007e       0x7f build/init.o

.debug_frame    0x0000000000000000       0x94
 .debug_frame   0x0000000000000000       0x28 /usr/bin/../lib/gcc/arm-none-eabi/7.3.1/../../../../arm-none-eabi/lib/thumb/v7-m/libc_nano.a(lib_a-exit.o)
 .debug_frame   0x0000000000000028       0x2c /usr/bin/../lib/gcc/arm-none-eabi/7.3.1/../../../../arm-none-eabi/lib/thumb/v7-m/libc_nano.a(lib_a-init.o)
 .debug_frame   0x0000000000000054       0x20 /usr/bin/../lib/gcc/arm-none-eabi/7.3.1/../../../../arm-none-eabi/lib/thumb/v7-m/libc_nano.a(lib_a-memset.o)
 .debug_frame   0x0000000000000074       0x20 /usr/bin/../lib/gcc/arm-none-eabi/7.3.1/../../../../arm-none-eabi/lib/thumb/v7-m/libnosys.a(_exit.o)
